0 verbose cli C:\Program Files\nodejs\node.exe C:\Program Files\nodejs\node_modules\npm\bin\npm-cli.js
1 info using npm@11.6.2
2 info using node@v24.13.0
3 silly config load:file:C:\Program Files\nodejs\node_modules\npm\npmrc
4 warn Unknown env config "devdir". This will stop working in the next major version of npm.
5 silly config load:file:C:\Users\dedolk\OneDrive - IFS\Desktop\P2\pipeline-manager\backend\.npmrc
6 silly config load:file:C:\Users\dedolk\.npmrc
7 silly config load:file:C:\Users\dedolk\AppData\Roaming\npm\etc\npmrc
8 verbose title npm install
9 verbose argv "install" "--cache" "%USERPROFILE%\\AppData\\Local\\npm-cache"
10 verbose logfile logs-max:10 dir:C:\Users\dedolk\OneDrive - IFS\Desktop\P2\pipeline-manager\backend\%USERPROFILE%\AppData\Local\npm-cache\_logs\2026-02-22T11_20_28_678Z-
11 verbose logfile C:\Users\dedolk\OneDrive - IFS\Desktop\P2\pipeline-manager\backend\%USERPROFILE%\AppData\Local\npm-cache\_logs\2026-02-22T11_20_28_678Z-debug-0.log
12 silly logfile done cleaning log files
13 silly packumentCache heap:4496293888 maxSize:1124073472 maxEntrySize:562036736
14 silly idealTree buildDeps
15 silly fetch manifest express@^4.21.0
16 silly packumentCache full:https://registry.npmjs.org/express cache-miss
17 http fetch GET https://registry.npmjs.org/npm attempt 1 failed with SELF_SIGNED_CERT_IN_CHAIN
18 http fetch GET https://registry.npmjs.org/express attempt 1 failed with SELF_SIGNED_CERT_IN_CHAIN
19 http fetch GET https://registry.npmjs.org/npm attempt 2 failed with SELF_SIGNED_CERT_IN_CHAIN
20 http fetch GET https://registry.npmjs.org/express attempt 2 failed with SELF_SIGNED_CERT_IN_CHAIN
21 http fetch GET https://registry.npmjs.org/npm attempt 3 failed with SELF_SIGNED_CERT_IN_CHAIN
22 http fetch GET https://registry.npmjs.org/express attempt 3 failed with SELF_SIGNED_CERT_IN_CHAIN
23 silly fetch manifest sql.js@^1.11.0
24 silly packumentCache full:https://registry.npmjs.org/sql.js cache-miss
25 http fetch GET https://registry.npmjs.org/sql.js attempt 1 failed with SELF_SIGNED_CERT_IN_CHAIN
26 http fetch GET https://registry.npmjs.org/sql.js attempt 2 failed with SELF_SIGNED_CERT_IN_CHAIN
27 http fetch GET https://registry.npmjs.org/sql.js attempt 3 failed with SELF_SIGNED_CERT_IN_CHAIN
28 silly fetch manifest cors@^2.8.5
29 silly packumentCache full:https://registry.npmjs.org/cors cache-miss
30 http fetch GET https://registry.npmjs.org/cors attempt 1 failed with SELF_SIGNED_CERT_IN_CHAIN
